// Bun Snapshot v1, https://goo.gl/fbAQLP

exports[`body text 1`] = `"{"data":{"hello":"world"},"array":[1,2,3,4,{"key":"value"}]}"`;
